// Jest Snapshot v1, https://goo.gl/fbAQLP

exports[`should render chat component 1`] = `
<Geolocated(Chat)
  coords={
    Object {
      "latitude": 50,
      "longitude": 20,
    }
  }
  isGeolocationAvailable={true}
  isGeolocationEnabled={true}
  positionError={null}
/>
`;
