// Jest Snapshot v1, https://goo.gl/fbAQLP

exports[`should render Login component correctly 1`] = `
<div>
  <p>
     
     
  </p>
  <h3>
     Login: 
  </h3>
  <Formik
    initialValues={
      Object {
        "password": "",
        "username": "",
      }
    }
    onSubmit={[Function]}
    validate={[Function]}
  >
    <Component />
  </Formik>
  <button
    className="link"
    onClick={[Function]}
  >
    Sign Up
  </button>
</div>
`;
